================================
5-text_indentation.py testing file
================================

** import function from module
>>> text_indentation = __import__('5-text_indentation').text_indentation


## Check: normal print one word
>>> text_indentation("Hello.")
Hello.
<BLANKLINE>


## Check: normal print multiple words
>>> text_indentation("Hello.World")
Hello.
<BLANKLINE>
World


## Check: no space between words
>>> text_indentation("Holberton School")
Holberton School


## Check: no space between words
>>> text_indentation("Holberton.School.")
Holberton.
<BLANKLINE>
School.
<BLANKLINE>


## Check: multiple checks
>>> text_indentation("Holberton. School? How are you: John")
Holberton.
<BLANKLINE>
School?
<BLANKLINE>
How are you:
<BLANKLINE>
John


** check: not a string
>>> text_indentation(23)
Traceback (most recent call last):
  ...
TypeError: text must be a string


** check: no argement
>>> text_indentation()
Traceback (most recent call last):
  ...
TypeError: text_indentation() missing 1 required positional argument: 'text'
